// Jest Snapshot v1, https://goo.gl/fbAQLP

exports[`expect to render LineGraph component 1`] = `ShallowWrapper {}`;
